{
  "collections": [],
  "functions": [
    {
      "arguments": {
        "Limit": {
          "type": {
            "name": "Float64",
            "type": "named"
          }
        },
        "author": {
          "type": {
            "type": "nullable",
            "underlying_type": {
              "name": "Author",
              "type": "named"
            }
          }
        },
        "created_at": {
          "type": {
            "name": "TimestampTZ",
            "type": "named"
          }
        },
        "id": {
          "type": {
            "name": "String",
            "type": "named"
          }
        },
        "status": {
          "type": {
            "type": "nullable",
            "underlying_type": {
              "name": "String",
              "type": "named"
            }
          }
        },
        "tags": {
          "type": {
            "type": "nullable",
            "underlying_type": {
              "element_type": {
                "name": "String",
                "type": "named"
              },
              "type": "array"
            }
          }
        }
      },
      "description": "GetArticles",
      "name": "getArticles",
      "result_type": {
        "element_type": {
          "name": "GetArticlesResult",
          "type": "named"
        },
        "type": "array"
      }
    }
  ],
  "object_types": {
    "Author": {
      "fields": {
        "author": {
          "type": {
            "type": "nullable",
            "underlying_type": {
              "name": "Author",
              "type": "named"
            }
          }
        },
        "created_at": {
          "type": {
            "name": "TimestampTZ",
            "type": "named"
          }
        },
        "id": {
          "type": {
            "name": "String",
            "type": "named"
          }
        },
        "status": {
          "type": {
            "type": "nullable",
            "underlying_type": {
              "name": "String",
              "type": "named"
            }
          }
        },
        "tags": {
          "type": {
            "type": "nullable",
            "underlying_type": {
              "element_type": {
                "name": "String",
                "type": "named"
              },
              "type": "array"
            }
          }
        }
      }
    },
    "GetArticlesResult": {
      "fields": {
        "author": {
          "type": {
            "type": "nullable",
            "underlying_type": {
              "name": "Author",
              "type": "named"
            }
          }
        },
        "created_at": {
          "type": {
            "name": "TimestampTZ",
            "type": "named"
          }
        },
        "id": {
          "type": {
            "name": "String",
            "type": "named"
          }
        },
        "status": {
          "type": {
            "type": "nullable",
            "underlying_type": {
              "name": "String",
              "type": "named"
            }
          }
        },
        "tags": {
          "type": {
            "type": "nullable",
            "underlying_type": {
              "element_type": {
                "name": "String",
                "type": "named"
              },
              "type": "array"
            }
          }
        }
      }
    }
  },
  "procedures": [],
  "scalar_types": {
    "Float64": {
      "aggregate_functions": {},
      "comparison_operators": {},
      "representation": {
        "type": "float64"
      }
    },
    "String": {
      "aggregate_functions": {},
      "comparison_operators": {},
      "representation": {
        "type": "string"
      }
    },
    "TimestampTZ": {
      "aggregate_functions": {},
      "comparison_operators": {},
      "representation": {
        "type": "timestamptz"
      }
    }
  }
}
