{
  "collections": [],
  "functions": [],
  "object_types": {},
  "procedures": [],
  "scalar_types": {}
}
